Archive member included because of file (symbol)

C:/Dev-Cpp/lib/libwsock32.a(dywds00061.o)
                              obj/networkmessage.o (recv@16)
C:/Dev-Cpp/lib/libwsock32.a(dywds00026.o)
                              obj/networkmessage.o (WSAGetLastError@0)
C:/Dev-Cpp/lib/libwsock32.a(dywds00056.o)
                              obj/networkmessage.o (ioctlsocket@12)
C:/Dev-Cpp/lib/libwsock32.a(dywds00067.o)
                              obj/networkmessage.o (send@16)
C:/Dev-Cpp/lib/libwsock32.a(dywds00044.o)
                              obj/otserv.o (getpeername@12)
C:/Dev-Cpp/lib/libwsock32.a(dywds00037.o)
                              obj/otserv.o (closesocket@4)
C:/Dev-Cpp/lib/libwsock32.a(dywds00031.o)
                              obj/otserv.o (WSAStartup@8)
C:/Dev-Cpp/lib/libwsock32.a(dywds00025.o)
                              obj/otserv.o (WSACleanup@0)
C:/Dev-Cpp/lib/libwsock32.a(dywds00053.o)
                              obj/otserv.o (inet_addr@4)
C:/Dev-Cpp/lib/libwsock32.a(dywds00042.o)
                              obj/otserv.o (gethostname@8)
C:/Dev-Cpp/lib/libwsock32.a(dywds00041.o)
                              obj/otserv.o (gethostbyname@4)
C:/Dev-Cpp/lib/libwsock32.a(dywds00052.o)
                              obj/otserv.o (htons@4)
C:/Dev-Cpp/lib/libwsock32.a(dywds00051.o)
                              obj/otserv.o (htonl@4)
C:/Dev-Cpp/lib/libwsock32.a(dywds00072.o)
                              obj/otserv.o (socket@12)
C:/Dev-Cpp/lib/libwsock32.a(dywds00036.o)
                              obj/otserv.o (bind@12)
C:/Dev-Cpp/lib/libwsock32.a(dywds00057.o)
                              obj/otserv.o (listen@8)
C:/Dev-Cpp/lib/libwsock32.a(dywds00066.o)
                              obj/otserv.o (select@20)
C:/Dev-Cpp/lib/libwsock32.a(dywds00035.o)
                              obj/otserv.o (accept@12)
C:/Dev-Cpp/lib/libwsock32.a(dywdh.o)
                              C:/Dev-Cpp/lib/libwsock32.a(dywds00061.o) (_head_libwsock32_a)
C:/Dev-Cpp/lib/libwsock32.a(dywdt.o)
                              C:/Dev-Cpp/lib/libwsock32.a(dywdh.o) (_libwsock32_a_iname)
C:/Dev-Cpp/lib/libstdc++.a(tinfo.o)
                              obj/creature.o (__dynamic_cast)
C:/Dev-Cpp/lib/libstdc++.a(eh_personality.o)
                              obj/creature.o (__gxx_personality_sj0)
C:/Dev-Cpp/lib/libstdc++.a(string-inst.o)
                              obj/exception.o (std::string::find(char const*, unsigned int, unsigned int) const)
C:/Dev-Cpp/lib/libstdc++.a(sstream-inst.o)
                              obj/game.o (std::basic_stringstream<char, std::char_traits<char>, std::allocator<char> >::~basic_stringstream())
C:/Dev-Cpp/lib/libstdc++.a(streambuf-inst.o)
                              C:/Dev-Cpp/lib/libstdc++.a(sstream-inst.o) (std::basic_streambuf<char, std::char_traits<char> >::xsputn(char const*, int))
C:/Dev-Cpp/lib/libstdc++.a(io-inst.o)
                              obj/exception.o (std::basic_ios<char, std::char_traits<char> >::clear(std::_Ios_Iostate))
C:/Dev-Cpp/lib/libstdc++.a(ios_init.o)
                              obj/creature.o (std::ios_base::Init::~Init())
C:/Dev-Cpp/lib/libstdc++.a(pure.o)
                              obj/creature.o (__cxa_pure_virtual)
C:/Dev-Cpp/lib/libstdc++.a(functexcept.o)
                              C:/Dev-Cpp/lib/libstdc++.a(io-inst.o) (std::__throw_bad_cast())
C:/Dev-Cpp/lib/libstdc++.a(tree.o)
                              obj/exception.o (std::_Rb_tree_increment(std::_Rb_tree_node_base*))
C:/Dev-Cpp/lib/libstdc++.a(ios.o)
                              obj/exception.o (std::ios_base::ios_base())
C:/Dev-Cpp/lib/libstdc++.a(list.o)
                              obj/ioaccountxml.o (std::_List_node_base::swap(std::_List_node_base&, std::_List_node_base&))
C:/Dev-Cpp/lib/libstdc++.a(eh_throw.o)
                              obj/guilds.o (__cxa_throw)
C:/Dev-Cpp/lib/libstdc++.a(ostream-inst.o)
                              C:/Dev-Cpp/lib/libstdc++.a(sstream-inst.o) (std::basic_ostream<char, std::char_traits<char> >::~basic_ostream())
C:/Dev-Cpp/lib/libstdc++.a(new_op.o)
                              obj/creature.o (operator new(unsigned int))
C:/Dev-Cpp/lib/libstdc++.a(locale.o)
                              C:/Dev-Cpp/lib/libstdc++.a(streambuf-inst.o) (std::locale::operator=(std::locale const&))
C:/Dev-Cpp/lib/libstdc++.a(del_op.o)
                              obj/creature.o (operator delete(void*))
C:/Dev-Cpp/lib/libstdc++.a(eh_catch.o)
                              obj/creature.o (__cxa_begin_catch)
C:/Dev-Cpp/lib/libstdc++.a(atomicity.o)
                              obj/creature.o (__gnu_cxx::__exchange_and_add(int volatile*, int))
C:/Dev-Cpp/lib/libstdc++.a(fstream-inst.o)
                              obj/exception.o (std::basic_filebuf<char, std::char_traits<char> >::open(char const*, std::_Ios_Openmode))
C:/Dev-Cpp/lib/libstdc++.a(globals_io.o)
                              C:/Dev-Cpp/lib/libstdc++.a(ios_init.o) (__gnu_internal::buf_cerr)
[...]
Memory Configuration

Name             Origin             Length             Attributes
*default*        0x00000000         0xffffffff

Linker script and memory map

                0x00400000                __image_base__ = 0x400000
                0x00000000                __dll__ = 0x0
                0x00001000                __section_alignment__ = 0x1000
                0x00000200                __file_alignment__ = 0x200
                0x00000004                __major_os_version__ = 0x4
                0x00000000                __minor_os_version__ = 0x0
                0x00000001                __major_image_version__ = 0x1
                0x00000000                __minor_image_version__ = 0x0
                0x00000004                __major_subsystem_version__ = 0x4
                0x00000000                __minor_subsystem_version__ = 0x0
                0x00000003                __subsystem__ = 0x3
                0x00200000                __size_of_stack_reserve__ = 0x200000
                0x00001000                __size_of_stack_commit__ = 0x1000
                0x00100000                __size_of_heap_reserve__ = 0x100000
                0x00001000                __size_of_heap_commit__ = 0x1000
                0x00000000                __loader_flags__ = 0x0
LOAD C:/Dev-Cpp/Bin/../lib/gcc/mingw32/3.4.2/../../../crt2.o
LOAD C:/Dev-Cpp/Bin/../lib/gcc/mingw32/3.4.2/crtbegin.o
LOAD obj/creature.o
LOAD obj/database.o
LOAD obj/exception.o
LOAD obj/fileloader.o
LOAD obj/game.o
LOAD obj/guilds.o
LOAD obj/houses.o
LOAD obj/ioaccount.o
LOAD obj/ioaccountxml.o
LOAD obj/iomapbin.o
LOAD obj/iomapotbm.o
LOAD obj/iomapxml.o
LOAD obj/ioplayer.o
LOAD obj/ioplayerxml.o
LOAD obj/item.o
LOAD obj/itemloader.o
LOAD obj/items.o
LOAD obj/logger.o
LOAD obj/loginqueue.o
LOAD obj/luascript.o
LOAD obj/magic.o
LOAD obj/map.o
LOAD obj/md5.o
LOAD obj/mdump.o
LOAD obj/monster.o
LOAD obj/monsters.o
LOAD obj/networkmessage.o
LOAD obj/npc.o
LOAD obj/otserv.o
LOAD obj/player.o
LOAD obj/position.o
LOAD obj/protocol.o
LOAD obj/protocol76.o
LOAD obj/pvparena.o
LOAD obj/readables.o
LOAD obj/scheduler.o
LOAD obj/spawn.o
LOAD obj/spells.o
LOAD obj/status.o
LOAD obj/summons.o
LOAD obj/thing.o
LOAD obj/tile.o
LOAD obj/tools.o
LOAD obj/account.o
LOAD obj/actions.o
LOAD obj/allocator.o
LOAD obj/chat.o
LOAD obj/commands.o
LOAD obj/container.o
LOAD obj/otserv_private.res
LOAD C:/Dev-Cpp/lib/libwsock32.a
LOAD C:/Dev-Cpp/lib\libboost_regex-mgw-mt-s-1_33_1.lib
LOAD C:/Dev-Cpp/bin/libxml2.dll
LOAD C:/Dev-Cpp/bin/lua5.dll
LOAD C:/Dev-Cpp/bin/lualib5.dll
LOAD C:/Dev-Cpp/bin/iconv.dll
LOAD C:/Dev-Cpp/bin/msvcp80.dll
LOAD C:/Dev-Cpp/bin/zlib1.dll
LOAD C:/Dev-Cpp/bin/msvcr80.dll
LOAD C:/Dev-Cpp/lib/libstdc++.a
LOAD C:/Dev-Cpp/lib/libmingw32.a
LOAD C:/Dev-Cpp/Bin/../lib/gcc/mingw32/3.4.2/libgcc.a
LOAD C:/Dev-Cpp/lib/libmoldname.a
LOAD C:/Dev-Cpp/lib/libmingwex.a
LOAD C:/Dev-Cpp/lib/libmsvcrt.a
LOAD C:/Dev-Cpp/lib/libuser32.a
LOAD C:/Dev-Cpp/lib/libkernel32.a
LOAD C:/Dev-Cpp/lib/libadvapi32.a
LOAD C:/Dev-Cpp/lib/libshell32.a
LOAD C:/Dev-Cpp/lib/libmingw32.a
LOAD C:/Dev-Cpp/Bin/../lib/gcc/mingw32/3.4.2/libgcc.a
LOAD C:/Dev-Cpp/lib/libmoldname.a
LOAD C:/Dev-Cpp/lib/libmingwex.a
LOAD C:/Dev-Cpp/lib/libmsvcrt.a
LOAD C:/Dev-Cpp/Bin/../lib/gcc/mingw32/3.4.2/crtend.o

.text           0x00401000   0x15c200
 *(.init)
 *(.text)
 .text          0x00401000      0x280 C:/Dev-Cpp/Bin/../lib/gcc/mingw32/3.4.2/../../../crt2.o
                0x00401240                WinMainCRTStartup
                0x00401220                mainCRTStartup
                0x00401260                atexit
                0x00401270                _onexit
 .text          0x00401280       0x10 C:/Dev-Cpp/Bin/../lib/gcc/mingw32/3.4.2/crtbegin.o
                0x00401280                __do_sjlj_init
 .text          0x00401290     0x25c0 obj/creature.o
                0x00402a10                Creature::addInflictedDamage(Creature*, int)
                0x00401540                Creature::getSleepTicks() const
                0x00402130                Creature::Creature()
                0x004012e0                Creature::getLostExperience()
                0x004024f0                Creature::Creature()
                0x00401700                Creature::setAttackedCreature(Creature const*)
                0x00401490                Creature::getStepDuration() const
                0x004016c0                Creature::checkInvisible(int)
                0x00401770                Creature::getTotalInflictedDamage()
                0x00401bd0                Creature::~Creature()
                0x00401e80                Creature::~Creature()
                0x004012c0                Creature::setMaster(Creature*)
                0x00401910                Creature::~Creature()
                0x00401290                Creature::drainMana(int)
                0x00402e90                Creature::getDescription(bool) const
                0x00403610                Creature::drainHealth(int, std::vector<Creature*, std::allocator<Creature*> >*)
                0x00402d80                Creature::getInflicatedDamageCreatureList()
                0x004017c0                Creature::removeSummon(Creature*)
                0x004012f0                Creature::getInflicatedDamage(Creature*)
                0x00401320                Creature::getGainedExperience(Creature*)
                0x004018b0                Creature::addSummon(Creature*)
                0x004028b0                Creature::removeCondition(attacktype_t)
                0x00401850                Creature::getInflicatedDamage(unsigned long)
                0x004028f0                Creature::addCondition(CreatureCondition const&, bool)
                0x00401450                Creature::canMovedTo(Tile const*) const
                0x00401670                Creature::isPlayersSummon() const
 .text          0x00403850       0x90 obj/database.o
 .text          0x004038e0     0x2c20 obj/exception.o
                0x00403960                ExceptionHandler::~ExceptionHandler()
                0x00404e00                ExceptionHandler::LoadMap()
                0x00403990                printPointer(std::ostream*, unsigned long)
                0x00403a00                _SEHHandler(_EXCEPTION_RECORD*, void*, _CONTEXT*, void*)
                0x004038f0                ExceptionHandler::ExceptionHandler()
                0x00403930                ExceptionHandler::~ExceptionHandler()
                0x004061f0                ExceptionHandler::InstallHandler()
                0x004038e0                ExceptionHandler::ExceptionHandler()
                0x00403900                ExceptionHandler::RemoveHandler()
 .text          0x00406500     0x3020 obj/fileloader.o
                0x004066a0                FileLoader::~FileLoader()
                0x00406560                FileLoader::FileLoader()
                0x004094c0                FileLoader::getProps(unsigned long, PropStream&)
                0x004089e0                FileLoader::getProps(unsigned long, unsigned long&)
                0x00406500                FileLoader::FileLoader()
                0x00406a70                FileLoader::loadCacheBlock(unsigned long)
                0x00406720                FileLoader::openFile(char const*, bool, bool)
                0x004068b0                FileLoader::setProps(void*, unsigned short)
                0x00406a20                FileLoader::endNode()
                0x00406ba0                FileLoader::getNextNode(unsigned long, unsigned long&)
                0x00407a90                FileLoader::getChildNode(unsigned long, unsigned long&)
                0x00406630                FileLoader::~FileLoader()
                0x00406960                FileLoader::startNode(unsigned char)
                0x004065c0                FileLoader::~FileLoader()
 .text          0x00409520    0x30470 obj/game.o
                0x004266f0                Game::autoCloseAttack(Player*, Creature*)
                0x00432580                Game::creatureMakeMagic(Creature*, Position const&, MagicEffectClass const*)
                0x0040c170                Game::serverSave()
                0x00424e70                Game::checkLight(int)
                0x0040a770                Game::onPrepareMoveThing(Player*, slots_t, Item const*, slots_t, Item const*, int)
                0x00422b00                GameState::addCreatureState(Tile*, Creature*, int, int, bool)
                0x00416bb0                Game::CreateManaDamageUpdate(Creature*, Creature*, int)
                0x00418750                Game::onPvP(Creature*, Creature*, bool)
                0x00427b40                GameState::onAttack(Creature*, Position const&, MagicEffectClass const*)
                0x0040bfc0                Game::disbandParty(unsigned long)
                0x00412fd0                Game::stopEvent(unsigned long)
                0x00434d90                Game::thingMoveInternal(Creature*, unsigned short, unsigned short, unsigned char, unsigned char, unsigned short, unsigned short, unsigned short, unsigned char, unsigned char)
                0x0040b3c0                Game::getCreaturesOnline()
                0x004097a0                Game::creatureApplyDamage(Creature*, int, int&, int&, std::vector<Creature*, std::allocator<Creature*> >*)
                0x00415880                Game::playerLookInTrade(Player*, bool, int)
                0x00429810                Game::creatureMakeDamage(Creature*, Creature*, fight_t)
                0x00409980                Game::setTile(unsigned short, unsigned short, unsigned char, unsigned short)
                0x0040aaf0                Game::creatureTalkToChannel(Player*, SpeakClasses, std::string&, unsigned short)
                0x0040afe0                Game::getTeleportPos(Position)
                0x0040aad0                Game::getSpectators(Range const&, std::list<Creature*, std::allocator<Creature*> >&)
                0x00414a30                Game::playerUseItem(Player*, Position const&, unsigned char, unsigned short, unsigned char)
                0x00431670                Game::creatureSay(Creature*, SpeakClasses, std::string const&)
                0x0040a630                Game::onPrepareMoveThing(Player*, Position const&, Item const*, slots_t, int)
                0x00409950                Game::getTile(unsigned short, unsigned short, unsigned char)
                0x00410bb0                Game::removeThing(Player*, Position const&, Thing*, bool)
                0x0041a660                Game::addPlayerBuffer(Player*)
                0x0040a940                Game::onPrepareMoveThing(Player*, Item const*, slots_t, int)
                0x00437130                Game::thingMove(Creature*, Thing*, unsigned short, unsigned short, unsigned char, unsigned char)
                0x00409ce0                Game::onPrepareMoveThing(Creature*, Thing const*, Tile const*, Tile const*, int)
                0x0040a7e0                Game::onPrepareMoveThing(Player*, Container const*, Item const*, slots_t, Item const*, int)
                0x0042d980                Game::placeCreature(Position&, Creature*, int*)
                0x0040cda0                Game::getCreatureByName(std::string const&)
                0x00412e80                GameState::GameState(Game*, Range const&)
                0x0041f9b0                Game::thingMoveInternal(Player*, unsigned char, unsigned char, unsigned short, bool, unsigned char, unsigned char, bool, unsigned char)
                0x00422400                Game::thingMove(Player*, unsigned char, unsigned char, unsigned short, bool, unsigned char, unsigned char, bool, unsigned char)
                0x0040e710                Game::getPlayerByID(unsigned long)
                0x0040f900                Game::creatureBroadcastTileUpdated(Position const&)
                0x00424bd0                Game::addEvent(SchedulerTask*)
                0x00434130                Game::checkCreature(unsigned long)
                0x0040b9d0                Game::vipLogout(std::string)
                0x00411960                Game::creatureYell(Creature*, std::string&)
                0x00412d30                GameState::GameState(Game*, Range const&)
                0x00425200                Game::checkShutdown(int)
                0x00409580                GameState::applyAmulets(Player*, int, attacktype_t)
                0x0040c300                Game::creatureBroadcastMessage(Creature*, std::string const&)
                0x00437290                Game::checkPlayerWalk(unsigned long)
                0x0040e840                Game::creatureSaySpell(Creature*, std::string const&)
                0x00431df0                Game::loadNpcs()
                0x0040b3a0                Game::getMonstersOnline()
                0x0040e6d0                Game::getCreatureByID(unsigned long)
                0x00425ca0                Game::sheduleShutdown(int)
                0x00417ed0                Game::creatureSpeakTo(Creature*, SpeakClasses, std::string const&, std::string const&)
                0x004249b0                Game::eventThread(void*)
                0x00410500                Game::sendRemoveThing(Player*, Position const&, Thing const*, unsigned char, bool)
                0x0040de60                Game::getNameByWildcard(std::string const&)
                0x00412820                Game::changeOutfit(unsigned long, int)
                0x004377f0                Game::useWand(Creature*, Creature*, int)
                0x004099c0                Game::onPrepareMoveThing(Creature*, Thing const*, Position const&, Position const&, int)
                0x0042cf90                Game::Game()
                0x00425cc0                Game::autoServerSave()
                0x00419730                Game::resetCommandTag()
                0x0040f650                Game::Skull(Player*)
                0x0040fc60                Game::sendUpdateThing(Player*, Position const&, Thing const*, unsigned char)
                0x0041cb30                Game::thingMoveInternal(Player*, Position const&, unsigned char, unsigned short, unsigned char, unsigned char, bool, unsigned char)
                0x0042b730                Game::checkSpawns(int)
                0x00427410                GameState::onAttack(Creature*, Position const&, Creature*)
                0x0040ae10                Game::setMaxPlayers(unsigned int)
                0x0041b520                Game::autoCloseTrade(Item const*, bool)
                0x0042df70                Game::placeSummon(Player*, std::string const&)
                0x00410270                Game::playerRotateItem(Player*, Position const&, unsigned char, unsigned short)
                0x00409910                Game::getGameState()
                0x00414d10                Game::LeaveParty(Player*)
                0x004173e0                Game::CreateDamageUpdate(Creature*, Creature*, int)
                0x00436f20                Game::thingMove(Creature*, unsigned short, unsigned short, unsigned char, unsigned char, unsigned short, unsigned short, unsigned short, unsigned char, unsigned char)
                0x0040b3b0                Game::getNpcsOnline()
                0x0040bc30                Game::vipLogin(Player*)
                0x0041e150                Game::thingMove(Player*, Position const&, unsigned char, unsigned short, unsigned char, unsigned char, bool, unsigned char)
                0x0040a480                Game::onPrepareMoveCreature(Creature*, Creature const*, Tile const*, Tile const*)
                0x0040afd0                Game::getLightLevel()
                0x00432410                Game::addCommandTag(std::string)
                0x0040abf0                Game::getThingMapPos(Player*, Position const&)
                0x00411eb0                Game::creatureWhisper(Creature*, std::string const&)
                0x004131a0                Game::~Game()
                0x00438970                Game::burstArrow(Creature*, Position const&)
                0x004124c0                Game::creatureChangeOutfit(Creature*)
                0x0041e280                Game::thingMoveInternal(Player*, unsigned char, unsigned char, unsigned short, bool, Position const&, unsigned char)
                0x0040b390                Game::getPlayersOnline()
                0x0042b240                Game::creatureOnPrepareMagicAttack(Creature*, Position, MagicEffectClass const*)
                0x00413080                Game::startDecay(Item*)
                0x00411330                Game::changeSpeed(unsigned long, unsigned short)
                0x0040f3e0                Game::creatureChangeLight(Player*, int, unsigned char, unsigned char)
                0x0040c430                Game::getPlayerByName(std::string const&)
                0x0041b130                Game::playerCloseTrade(Player*)
                0x00413680                Game::~Game()
                0x0041f890                Game::thingMove(Player*, unsigned char, unsigned char, unsigned short, bool, Position const&, unsigned char)
                0x0040b370                Game::hasWildcard(std::string const&)
                0x0040aef0                Game::cleanMap()
                0x0040ad70                Game::getThing(Position const&, unsigned char, Player*)
                0x00419760                Game::playerRequestTrade(Player*, Position const&, unsigned char, unsigned short, unsigned long)
                0x0041c390                Game::playerUseItemEx(Player*, Position const&, unsigned char, Position const&, unsigned char, unsigned short)
                0x00409520                GameState::isPvpArena(Creature*)
                0x004391b0                Game::checkCreatureAttacking(unsigned long)
                0x004098f0                Game::setWorldType(enum_world_type)
                0x0042c5a0                Game::Game()
                0x0041a500                Game::flushSendBuffers()
                0x00423130                GameState::onAttackedCreature(Tile*, Creature*, Creature*, int, bool)
                0x00434af0                Game::creatureThrowRune(Creature*, Position const&, MagicEffectClass const&)
                0x0040b3d0                Game::loadMap(std::string, std::string)
                0x0042c360                Game::changeOutfitAfter(unsigned long, int, long)
                0x00413b60                Game::setSpellbookText(Player*, Item*)
                0x00422540                Game::removeCreature(Creature*)
                0x00410da0                Game::sendAddThing(Player*, Position const&, Thing const*)
                0x00409f70                Game::onPrepareMoveThing(Player*, Item const*, slots_t, Container const*, Item const*, int)
                0x0040e750                Game::getPathTo(Creature*, Position, Position, bool)
                0x00411650                Game::creatureMonsterYell(Monster*, std::string const&)
                0x0041b640                Game::playerAcceptTrade(Player*)
                0x0040a130                Game::onPrepareMoveThing(Player*, Position const&, Container const*, Item const*, Position const&, Container const*, Item const*, int)
                0x0040d3a0                Game::isPlayer(std::string)
                0x0041a790                Game::FreeThing(Thing*)
                0x004098d0                Game::getTile(Position const&)
                0x0041bba0                Game::playerUseBattleWindow(Player*, Position&, unsigned char, unsigned short, unsigned long)
                0x00412930                Game::creatureTurn(Creature*, Direction)
                0x00426770                Game::teleport(Thing*, Position const&)
                0x00434ca0                Game::creatureCastSpell(Creature*, Position const&, MagicEffectClass const&)
                0x0042b470                Game::playerAutoWalk(Player*, std::list<Direction, std::allocator<Direction> >&)
                0x004296c0                Game::creatureOnPrepareAttack(Creature*, Position)
                0x0042e190                Game::checkSpell(Player*, SpeakClasses, std::string)
                0x00426010                Game::playerSetAttackedCreature(Player*, unsigned long)
                0x0042b990                Game::checkDecay(int)
                0x0041a890                Game::addThing(Player*, Position const&, Thing*)
                0x0040ca20                Game::requestAddVip(Player*, std::string const&)
 .text          0x00439990     0x53d0 obj/guilds.o
                0x0043b9c0                Guilds::Guild::Guild(std::string)
                0x004399c0                Guilds::Guild::save(_xmlNode*)
                0x0043a2a0                Guilds::ReloadGuildInfo(Player*)
                0x00439ac0                Guilds::Guild::reloadGuildInfo(Player*)
                0x0043a6a0                Guilds::SetGuildNick(std::string, std::string)
                0x0043ab10                Guilds::SetGuildStatus(std::string, gstat_t)
                0x0043cbe0                Guilds::Guild::addMember(std::string, gstat_t, std::string, std::string)
                0x0043c8e0                Guilds::AddNewGuild(std::string)
                0x0043b130                Guilds::Save()
                0x0043ae80                Guilds::GetGuildStatus(std::string)
                0x0043e2c0                Guilds::Guild::setGuildInfo(std::string, gstat_t, std::string)
                0x0043a160                Guilds::Guild::setGuildStatus(std::string, gstat_t)
                0x0043a090                Guilds::Guild::setGuildNick(std::string, std::string)
                0x0043be20                Guilds::Guild::clearGuildInfo(std::string)
                0x0043bbf0                Guilds::Guild::Guild(std::string)
                0x0043c220                Guilds::DeleteGuild(std::string)
                0x0043afb0                Guilds::GetGuildName(std::string)
                0x0043bee0                Guilds::ClearGuildInfo(std::string)
                0x0043a200                Guilds::Guild::getGuildStatus(std::string) const
                0x0043cfb0                Guilds::Load()
                0x0043e710                Guilds::SetGuildInfo(std::string, gstat_t, std::string, std::string)
                0x00439990                Guilds::Guild::getName() const
 .text          0x0043ed60     0xe400 obj/houses.o
                0x0044a770                House::getDescription() const
                0x00446a10                House::setSubOwners(std::string)
                0x0043fc00                House::getGuests() const
                0x0043ffa0                House::getDoorOwners(Position const&) const
                0x0043eea0                Houses::LoadHouseItems(Game*)
                0x0044c250                Houses::AddHouseTile(Game*, House*, Position const&)
                0x00444d20                House::setDoorOwners(std::string, Position const&)
                0x0044c200                Houses::Save(Game*)
                0x0043f960                House::getSubOwners() const
                0x00441670                House::getPlayerRights(Position const&, std::string)
                0x00448ef0                Houses::SaveHouseItems(Game*)
                0x004486e0                House::load()
                0x00440270                House::House(std::string)
                0x0043ed80                Houses::LoadContainer(_xmlNode*, Container*)
                0x0044af10                House::save()
                0x0043fea0                House::getPlayerRights(std::string)
                0x00441800                House::setOwner(std::string)
                0x0043ee70                House::getOwner() const
                0x00443050                House::setGuests(std::string)
                0x0044c340                Houses::Load(Game*)
                0x0043ed60                House::getFrontDoor() const
                0x00440c70                House::House(std::string)
                0x0043f330                Houses::SaveContainer(_xmlNode*, Container*)
 .text          0x0044d160       0xf0 obj/ioaccount.o
                0x0044d240                IOAccount::getPassword(unsigned long, std::string const&, std::string&)
                0x0044d160                IOAccount::instance()
                0x0044d220                IOAccount::loadAccount(unsigned long)
 .text          0x0044d250     0x2b60 obj/ioaccountxml.o
                0x0044d390                IOAccountXML::getPassword(unsigned long, std::string const&, std::string&)
                0x0044d250                IOAccountXML::IOAccountXML()
                0x0044d2f0                IOAccountXML::IOAccountXML()
                0x0044ea00                IOAccountXML::loadAccount(unsigned long)
 .text          0x0044fdb0     0x17b0 obj/iomapbin.o
                0x004512c0                IOMapBin::loadMap(Map*, std::string)
                0x0044fdb0                IOMapBin::loadOTM(Map*)
 .text          0x00451560     0x2ab0 obj/iomapotbm.o
                0x00451600                IOMapOTBM::unserializaItemNode(FileLoader*, unsigned long)
                0x004526f0                IOMapOTBM::loadMap(Map*, std::string)
                0x00451560                IOMapOTBM::unserializaItemAttr(PropStream&)
 .text          0x00454010      0xcc0 obj/iomapxml.o
                0x00454130                IOMapXML::loadMap(Map*, std::string)
                0x00454010                IOMapXML::LoadContainer(_xmlNode*, Container*)
 .text          0x00454cd0      0x190 obj/ioplayer.o
                0x00454dc0                IOPlayer::getNameByGuid(unsigned long, std::string&)
                0x00454db0                IOPlayer::getGuidByName(unsigned long&, unsigned long&, std::string&)
                0x00454cd0                IOPlayer::instance()
                0x00454da0                IOPlayer::savePlayer(Player*)
                0x00454d90                IOPlayer::loadPlayer(Player*, std::string)
 .text          0x00454e60     0xc1a0 obj/ioplayerxml.o
                0x004550c0                IOPlayerXML::SaveContainer(_xmlNode*, Container*)
                0x00454e60                IOPlayerXML::IOPlayerXML()
                0x00457400                IOPlayerXML::loadPlayer(Player*, std::string)
                0x00454f00                IOPlayerXML::IOPlayerXML()
                0x00454fa0                IOPlayerXML::LoadContainer(_xmlNode*, Container*)
                0x00455700                IOPlayerXML::SaveVIP(Player*)
                0x00456580                IOPlayerXML::LoadVIP(Player*)
                0x0045a100                IOPlayerXML::savePlayer(Player*)
 .text          0x00461000     0x7b30 obj/item.o
                0x00462450                Item::getRWInfo() const
                0x004621b0                Item::floorChangeEast() const
                0x00462180                Item::floorChangeSouth() const
                0x00461020                Item::isStackable() const
                0x00461870                Item::Item()
                0x00464060                Item::decay()
                0x004631a0                Item::setSpecialDescription(std::string)
                0x00463910                Teleport::~Teleport()
                0x004619e0                Item::canMovedTo(Tile const*) const
                0x00461310                Item::Item(Item const&)
                0x004617d0                Item::getDecayTime()
                0x00462480                Item::canDecay()
                0x00463320                Item::~Item()
                0x004638c0                Teleport::~Teleport()
                0x004642f0                Item::getDescription(bool) const
                0x00462740                Item::removeGlimmer()
                0x004626c0                Item::setGlimmer()
                0x004630d0                Item::getSpecialDescription()
                0x004632e0                Item::getName() const
                0x00461a90                Item::isFluidContainer() const
                0x004610d0                Item::Item(unsigned short)
                0x00461c30                Item::Item(unsigned short, unsigned short)
                0x004621e0                Item::floorChangeWest() const
                0x00461000                Item::getID() const
                0x00462280                Item::getWeaponType() const
                0x00461800                Item::rotate()
                0x004638f0                Teleport::~Teleport()
                0x00461080                Item::setUniqueId(unsigned short)
                0x00461950                Item::isPickupable() const
                0x00462c10                Teleport::unserialize(_xmlNode*)
                0x00463500                Item::~Item()
                0x004641b0                Teleport::Teleport(unsigned short)
                0x00462150                Item::floorChangeNorth() const
                0x00463a70                Item::CreateItem(unsigned short, unsigned short)
                0x00462da0                Item::clearText()
                0x00462e70                Item::setText(std::string)
                0x00463000                Item::clearSpecialDescription()
                0x004618e0                Item::Item()
                0x004619b0                Item::isBlocking() const
                0x00461ac0                Item::isAlwaysOnTop() const
                0x00461b20                Item::isSplash() const
                0x00461070                Item::getActionId() const
                0x004611f0                Item::Item(unsigned short)
                0x004622b0                Item::getAmuType() const
                0x00461e40                Item::Item(unsigned short, unsigned short)
                0x00462050                Item::getItemCountOrSubtype() const
                0x00461010                Item::setID(unsigned short)
                0x004624b0                Item::getWorth() const
                0x00461b50                Item::setItemCountOrSubtype(unsigned char)
                0x00461570                Item::Item(Item const&)
                0x00462cd0                Item::getText()
                0x004627c0                Item::unserialize(_xmlNode*)
                0x00462210                Item::isWeapon() const
                0x004636e0                Item::~Item()
                0x004620f0                Item::isUseable() const
                0x00462120                Item::floorChangeDown() const
                0x00462310                Item::getAttack() const
                0x00461050                Item::setActionId(unsigned short)
                0x004623a0                Item::getSlotPosition() const
                0x004678b0                Teleport::serialize()
                0x00463930                Teleport::Teleport(unsigned short)
                0x00462370                Item::getDefense() const
                0x004623d0                Item::getWeight() const
                0x00462340                Item::getArmor() const
                0x00466340                Item::serialize()
                0x00461980                Item::isNotMoveable() const
                0x00461af0                Item::isGroundTile() const
                0x004622e0                Item::getSubfightType() const
                0x004610c0                Item::getUniqueId() const
 .text          0x00468b30      0x280 obj/itemloader.o
                0x00468b30                ItemLoader::setProps(unsigned char, void*, unsigned short)
                0x00468d00                ItemLoader::setFlags(unsigned long)
 .text          0x00468db0     0x28f0 obj/items.o
                0x00468db0                ItemType::isGroundTile() const
                0x00469150                ItemType::ItemType()
                0x00468df0                ItemType::isTeleport() const
                0x0046a310                Items::reverseLookUp(unsigned long)
                0x00469250                ItemType::ItemType()
                0x0046b4a0                Items::Items()
                0x0046b330                Items::Items()
                0x00468e10                ItemType::isMagicField() const
                0x00468e50                ItemType::isSplash() const
                0x00469dd0                Items::~Items()
                0x00468ff0                ItemType::~ItemType()
                0x00468e90                ItemType::~ItemType()
                0x00469350                Items::operator[](int)
                0x00469890                Items::~Items()
                0x004693d0                Items::loadXMLInfos(std::string)
                0x00468e30                ItemType::isKey() const
                0x00468dd0                ItemType::isContainer() const
                0x0046a380                Items::loadFromOtb(std::string)
                0x00468e70                ItemType::isFluidContainer() const
 .text          0x0046b6a0      0x450 obj/logger.o
                0x0046b6c0                Logger::getInstance()
                0x0046b6f0                Logger::logMessage(std::string, eLogType, int, std::string, std::string, int, std::string)
                0x0046b6a0                Logger::Logger()
                0x0046b6b0                Logger::Logger()
 .text          0x0046baf0     0x1500 obj/loginqueue.o
                0x0046bc20                LoginQueue::save()
                0x0046cee0                LoginQueue::login(int, int, int, int*)
                0x0046c640                LoginQueue::load()
                0x0046bb90                LoginQueue::removeDeadEntries()
                0x0046ce30                LoginQueue::push(int)
                0x0046baf0                LoginQueue::findAccount(int, int*, int*)
                0x0046c4e0                LoginQueue::show()
 .text          0x0046cff0     0xa3d0 obj/luascript.o
                0x0046d520                LuaScript::getGlobalString(std::string, std::string const&)
                0x0046d0f0                LuaScript::getField(lua_State*, char const*)
                0x0046d000                LuaScript::getField(char const*)
                0x0046d090                LuaScript::setField(char const*, int)
                0x0046d1c0                LuaScript::setGlobalNumber(std::string, int)
                0x0046d230                LuaScript::getGlobalNumber(std::string, int)
                0x00477250                LuaScript::LuaScript()
                0x00476990                LuaScript::~LuaScript()
                0x00476df0                LuaScript::~LuaScript()
                0x0046d2f0                LuaScript::getGlobalStringField(std::string, int, std::string const&)
                0x0046cff0                LuaScript::setGlobalString(std::string, std::string)
                0x004772c0                LuaScript::LuaScript()
                0x0046d170                LuaScript::setField(lua_State*, char const*, int)
                0x0046d740                LuaScript::OpenFile(char const*)
 .text          0x004773c0     0x27e0 obj/magic.o
                0x00477910                MagicEffectTargetClass::MagicEffectTargetClass()
                0x00477ac0                MagicEffectTargetCreatureCondition::MagicEffectTargetCreatureCondition(unsigned long)
                0x00477de0                MagicEffectTargetGroundClass::~MagicEffectTargetGroundClass()
                0x004774c0                MagicEffectClass::causeExhaustion(bool) const
                0x004789a0                MagicEffectAreaGroundClass::~MagicEffectAreaGroundClass()
                0x00478230                MagicEffectAreaGroundClass::getDamage(Creature*, Creature const*) const
                0x004787b0                MagicEffectTargetExClass::MagicEffectTargetExClass(std::vector<CreatureCondition, std::allocator<CreatureCondition> > const&)
                0x004778a0                MagicEffectClass::FailedToCast(Player*, Creature const*, bool, bool) const
                0x004774d0                MagicEffectClass::getDamage(Creature*, Creature const*) const
                0x00478ea0                MagicEffectAreaGroundClass::MagicEffectAreaGroundClass(MagicEffectItem*)
                0x00477fd0                MagicEffectTargetGroundClass::FailedToCast(Player*, Creature const*, bool, bool) const
                0x00477a10                MagicEffectTargetClass::getDistanceShoot(Player*, Creature const*, Position const&, bool) const
                0x004790e0                MagicEffectAreaExClass::MagicEffectAreaExClass(std::vector<CreatureCondition, std::allocator<CreatureCondition> > const&)
                0x004780b0                MagicEffectTargetGroundClass::getMagicEffect(Player*, Creature const*, Creature const*, Position const&, int, bool, bool) const
                0x00479620                MagicEffectItem::decay()
                0x00478170                MagicEffectAreaClass::getMagicEffect(Player*, Creature const*, Creature const*, Position const&, int, bool, bool) const
                0x00478510                MagicEffectItem::getDamage(Creature*, Creature const*) const
                0x00477bf0                MagicEffectTargetCreatureCondition::getMagicEffect(Player*, Creature const*, Creature const*, Position const&, int, bool, bool) const
                0x00477b60                MagicEffectTargetCreatureCondition::getDamage(Creature*, Creature const*) const
                0x00479900                MagicEffectItem::MagicEffectItem(std::map<unsigned short, std::pair<long, std::vector<CreatureCondition, std::allocator<CreatureCondition> > >, std::less<unsigned short>, std::allocator<std::pair<unsigned short const, std::pair<long, std::vector<CreatureCondition, std::allocator<CreatureCondition> > > > > > const&)
                0x00479690                MagicEffectItem::transform(MagicEffectItem const*)
                0x004774b0                MagicEffectClass::isIndirect() const
                0x00479490                MagicEffectClass::getArea(Position const&, std::vector<Position, std::allocator<Position> >&) const
                0x00477ce0                MagicEffectTargetGroundClass::MagicEffectTargetGroundClass(MagicEffectItem*)
                0x00477670                MagicEffectClass::getMagicEffect(Player*, Creature const*, Creature const*, Position const&, int, bool, bool) const
                0x004794e0                MagicEffectItem::buildCondition()
                0x004777e0                MagicEffectClass::getDistanceShoot(Player*, Creature const*, Position const&, bool) const
                0x00478dc0                MagicEffectAreaClass::MagicEffectAreaClass()
                0x00477890                MagicEffectClass::canCast(bool, bool) const
                0x00477880                MagicEffectClass::getMagicItem(Creature const*, bool, bool) const
                0x00478400                MagicEffectAreaExClass::getDamage(Creature*, Creature const*) const
                0x004784e0                MagicEffectItem::getCondition() const
                0x00478b00                MagicEffectAreaGroundClass::~MagicEffectAreaGroundClass()
                0x004780c0                MagicEffectTargetGroundClass::getDistanceShoot(Player*, Creature const*, Position const&, bool) const
                0x004782b0                MagicEffectAreaGroundClass::getMagicItem(Creature const*, bool, bool) const
                0x004792c0                MagicEffectAreaClass::getArea(Position const&, std::vector<Position, std::allocator<Position> >&) const
                0x00477e90                MagicEffectTargetGroundClass::~MagicEffectTargetGroundClass()
                0x00478e30                MagicEffectAreaClass::MagicEffectAreaClass()
                0x00477960                MagicEffectTargetClass::getMagicEffect(Player*, Creature const*, Creature const*, Position const&, int, bool, bool) const
                0x00478c60                MagicEffectAreaGroundClass::~MagicEffectAreaGroundClass()
                0x00477d30                MagicEffectTargetGroundClass::~MagicEffectTargetGroundClass()
                0x00478ed0                MagicEffectAreaGroundClass::MagicEffectAreaGroundClass(MagicEffectItem*)
                0x00478f00                MagicEffectAreaExClass::MagicEffectAreaExClass(std::vector<CreatureCondition, std::allocator<CreatureCondition> > const&)
                0x00477460                MagicEffectClass::MagicEffectClass()
                0x00477410                MagicEffectTargetClass::MagicEffectTargetClass()
                0x00477b10                MagicEffectTargetCreatureCondition::MagicEffectTargetCreatureCondition(unsigned long)
                0x00478950                MagicEffectItem::getDecayTime()
                0x00478610                MagicEffectTargetExClass::MagicEffectTargetExClass(std::vector<CreatureCondition, std::allocator<CreatureCondition> > const&)
                0x004782f0                MagicEffectTargetExClass::getDamage(Creature*, Creature const*) const
                0x004796f0                MagicEffectItem::MagicEffectItem(std::map<unsigned short, std::pair<long, std::vector<CreatureCondition, std::allocator<CreatureCondition> > >, std::less<unsigned short>, std::allocator<std::pair<unsigned short const, std::pair<long, std::vector<CreatureCondition, std::allocator<CreatureCondition> > > > > > const&)
                0x00477f40                MagicEffectTargetGroundClass::getMagicItem(Creature const*, bool, bool) const
                0x004773c0                MagicEffectClass::MagicEffectClass()
                0x00477c90                MagicEffectTargetGroundClass::MagicEffectTargetGroundClass(MagicEffectItem*)
                0x00477f80                MagicEffectTargetGroundClass::canCast(bool, bool) const
 .text          0x00479ba0     0x3740 obj/map.o
                0x00479bf0                AStarNodes::AStarNodes()
                0x0047cfc0                Map::setTile(unsigned short, unsigned short, unsigned char)
                0x0047ae50                AStarNodes::countOpenNodes()
                0x0047b7b0                Map::getPathTo(Creature*, Position, Position, bool, bool, int)
                0x0047d1a0                Map::setTile(unsigned short, unsigned short, unsigned char, unsigned short)
                0x00479f90                Map::getTile(unsigned short, unsigned short, unsigned char)
                0x0047b220                Map::~Map()
                0x0047a470                Map::removeCreature(Creature*)
                0x0047b0c0                Map::~Map()
                0x0047af30                AStarNodes::closeNode(AStarNode*)
                0x0047b4d0                Map::Map()
                0x0047b380                Map::Map()
                0x0047be90                Map::getPathToEx(Creature*, Position, Position, bool, bool, int)
                0x0047b620                Map::getSpectators(Range const&, std::list<Creature*, std::allocator<Creature*> >&)
                0x0047af90                AStarNodes::getBestNode()
                0x0047adb0                Map::getTile(Position const&)
                0x00479c40                AStarNodes::AStarNodes()
                0x00479ba0                AStarNodes::isInList(unsigned long, unsigned long)
                0x0047a020                Map::isPathValid(Creature*, std::list<Position, std::allocator<Position> > const&, int, bool)
                0x0047aec0                AStarNodes::countClosedNodes()
                0x0047a160                Map::canThrowObjectTo(Position, Position, int)
                0x0047b060                AStarNodes::createOpenNode()
                0x0047a530                Map::placeCreature(Position&, Creature*)
                0x00479f00                Map::clean()
                0x00479c90                Map::loadMap(std::string, std::string)
 .text          0x0047d2e0     0x1000 obj/md5.o
                0x0047e160                MD5Final(MD5_CTX*)
                0x0047e040                MD5Init(MD5_CTX*, unsigned long)
                0x0047e0a0                MD5Update(MD5_CTX*, unsigned char const*, unsigned int)
 .text          0x0047e2e0     0x74d0 obj/monster.o
                0x004844b0                Monster::onThingAppear(Thing const*)
                0x00481910                Monster::setMaster(Creature*)
                0x004822e0                Monster::calcMovePosition()
                0x00482780                Monster::getDescription(bool) const
                0x004842b0                Monster::onCreatureEnter(Creature const*, bool)
                0x0047f320                Monster::~Monster()
                0x00480700                Monster::selectTarget(Creature const*, bool)
                0x0047edb0                Monster::canMoveTo(unsigned short, unsigned short, unsigned char)
                0x0047e4b0                Monster::getLostExperience()
                0x004811e0                Monster::getCloseCombatPosition(Position const&, Position&)
                0x0047ee70                Monster::doMoveTo(int, int)
                0x0047f3a0                Monster::Monster(MonsterType*, Game*)
                0x0047e3e0                Monster::isCreatureAttackable(Creature const*)
                0x0047f4d0                Monster::createMonster(std::string const&, Game*)
                0x0047e3d0                Monster::getName() const
                0x0047e370                Monster::isPushable() const
                0x0047f710                Monster::startThink()
                0x00481890                Monster::setAttackedCreature(Creature const*)
                0x0047e350                Monster::getDefense() const
                0x0047e520                Monster::validateDistanceAttack(Creature const*)
                0x0047fb20                Monster::doAttacks(Creature*, monstermode_t)
                0x00480310                Monster::onAttack()
                0x0047eb00                Monster::monsterMoveItem(Item*, int)
                0x0047ee30                Monster::setUpdateMovePos()
                0x0047e2e0                Monster::getRandom()
                0x004819c0                Monster::getDistancePosition(Position const&, int const&, bool, Position&)
                0x00485500                Monster::onThingDisappear(Thing const*, unsigned char)
                0x0047e7e0                Monster::getTargetDistance()
                0x0047f1a0                Monster::stopThink()
                0x0047f2e0                Monster::~Monster()
                0x0047f5e0                Monster::Monster(MonsterType*, Game*)
                0x0047e650                Monster::validateDistanceAttack(Position const&)
                0x0047ea80                Monster::getWeaponDamage() const
                0x00484430                Monster::onCreatureAppear(Creature const*)
                0x0047f360                Monster::~Monster()
                0x0047e4e0                Monster::isInRange(Position const&)
                0x00485470                Monster::onThingMove(Creature const*, Thing const*, Position const*, unsigned char, unsigned char, unsigned char)
                0x0047e330                Monster::getArmor() const
                0x004845f0                Monster::onThink(int&)
                0x00484580                Monster::onThingTransform(Thing const*, int)
                0x00484f70                Monster::onCreatureMove(Creature const*, Position const*)
                0x0047eab0                Monster::dropLoot(Container*)
                0x00484eb0                Monster::onCreatureLeave(Creature const*)
                0x0047e800                Monster::updateLookDirection()
                0x00481650                Monster::isCreatureReachable(Creature const*)
                0x004853e0                Monster::onTeleport(Creature const*, Position const*, unsigned char)
                0x0047e790                Monster::getCurrentDistanceToTarget(Position const&)
                0x00480940                Monster::getRandomPosition(Position const&, Position&)
                0x00485580                Monster::onCreatureDisappear(Creature const*, unsigned char, bool)
                0x004832b0                Monster::findTarget(long, bool&, Creature const*)
                0x00483870                Monster::reThink(bool)
 .text          0x004857b0     0x6710 obj/monsters.o
                0x00485af0                Monsters::Monsters()
                0x00485b50                Monsters::Monsters()
                0x00486790                MonsterType::~MonsterType()
                0x00487900                Monsters::loadLootItem(_xmlNode*, LootBlock&)
                0x0048be00                Monsters::reload()
                0x00486560                Monsters::~Monsters()
                0x00486330                Monsters::~Monsters()
                0x00485bb0                Monsters::getIdByName(std::string const&)
                0x00486c50                MonsterType::reset()
                0x00485980                MonsterType::createLoot(Container*)
                0x00487bc0                Monsters::loadMonster(std::string const&, std::string const&, bool)
                0x004857b0                MonsterType::createLootItem(LootBlock const&)
                0x0048af60                Monsters::loadFromXml(std::string const&, bool)
                0x00485e70                MonsterType::~MonsterType()
                0x00485840                MonsterType::createLootContainer(Container*, LootBlock const&)
                0x00487220                MonsterType::MonsterType()
                0x00486e40                MonsterType::MonsterType()
                0x00485ac0                Monsters::getMonsterType(unsigned long)
                0x00487600                Monsters::loadLootContainer(_xmlNode*, LootBlock&)
 .text          0x0048bec0      0xaa0 obj/networkmessage.o
                0x0048c310                NetworkMessage::AddU32(unsigned int)
                0x0048bf60                NetworkMessage::ReadFromSocket(unsigned int)
                0x0048c2e0                NetworkMessage::AddU16(unsigned short)
                0x0048bec0                NetworkMessage::Reset()
                0x0048bee0                NetworkMessage::NetworkMessage()
                0x0048c1e0                NetworkMessage::GetU32()
                0x0048c590                NetworkMessage::AddItemId(Item const*)
                0x0048c350                NetworkMessage::AddString(char const*)
                0x0048c2b0                NetworkMessage::AddByte(unsigned char)
                0x0048c150                NetworkMessage::GetByte()
                0x0048c5f0                NetworkMessage::JoinMessages(NetworkMessage&)
                0x0048c170                NetworkMessage::GetU16()
                0x0048c6e0                NetworkMessage::GetRaw()
                0x0048bf00                NetworkMessage::NetworkMessage()
                0x0048c220                NetworkMessage::GetPosition()
                0x0048c440                NetworkMessage::AddItem(unsigned short, unsigned char)
                0x0048c1a0                NetworkMessage::GetItemId()
                0x0048c3d0                NetworkMessage::AddPosition(Position const&)
                0x0048c7d0                NetworkMessage::GetString()
                0x0048bf30                NetworkMessage::~NetworkMessage()
                0x0048c4e0                NetworkMessage::AddItem(Item const*)
                0x0048c290                NetworkMessage::SkipBytes(int)
                0x0048c650                NetworkMessage::AddString(std::string const&)
                0x0048bf40                NetworkMessage::~NetworkMessage()
                0x0048c040                NetworkMessage::WriteToSocket(unsigned int)
                0x0048bf20                NetworkMessage::~NetworkMessage()
 .text          0x0048c960     0xbca0 obj/npc.o
                0x0048f100                NpcScript::luaSetPlayerGuildNick(lua_State*)
                0x0048dbf0                NpcScript::luaPayMoney(lua_State*)
                0x0048ec10                NpcScript::onCreatureDisappear(int)
                0x0048dd80                NpcScript::luaGetPlayerStorageValue(lua_State*)
                0x004907f0                NpcScript::luaFoundNewGuild(lua_State*)
                0x00491ed0                NpcScript::luaLearnSpell(lua_State*)
                0x0048cb90                Npc::doAttack(int)
                0x0048fff0                NpcScript::luaGetPlayerGuildName(lua_State*)
                0x00494210                Npc::~Npc()
                0x0048e050                NpcScript::luaPlayerRemoveItem(lua_State*)
                0x00491910                NpcScript::luaActionSay(lua_State*)
                0x0048d7b0                NpcScript::luaSelfGetPos(lua_State*)
                0x0048def0                NpcScript::luaSetPlayerStorageValue(lua_State*)
                0x0048ea10                NpcScript::onCreatureSay(int, SpeakClasses, std::string const&)
                0x0048ef70                NpcScript::onThink()
                0x0048d680                NpcScript::luaCreatureGetPos(lua_State*)
                0x0048e1c0                NpcScript::luaSetPlayerMasterPos(lua_State*)
                0x0048e550                NpcScript::luaGetPlayerVocation(lua_State*)
                0x004912c0                NpcScript::luaBuyItem(lua_State*)
                0x0048db20                NpcScript::luaActionAttackCreature(lua_State*)
                0x004909f0                NpcScript::luaGetPlayerLevel(lua_State*)
                0x00494480                Npc::~Npc()
                0x00495f10                Npc::Npc(std::string const&, Game*)
                0x0048cba0                Npc::doMove(int)
                0x0048e420                NpcScript::luaSetPlayerVocation(lua_State*)
                0x0048d600                NpcScript::getNpc(lua_State*)
                0x00493f90                Npc::~Npc()
                0x0048e930                NpcScript::luaCreatureGetName(lua_State*)
                0x0048edb0                NpcScript::onCreatureAppear(unsigned long)
                0x00497a70                NpcScript::luaActionMoveTo(lua_State*)
                0x0048e690                NpcScript::luaIsPromoted(lua_State*)
                0x0048c970                Npc::onCreatureAppear(Creature const*)
                0x0048c960                Npc::onThingMove(Player const*, Thing const*, Position const*, unsigned char, unsigned char, unsigned char)
                0x00497c60                Npc::getDescription(bool) const
                0x0048cb00                Npc::onThink(int&)
                0x0048c9a0                Npc::onCreatureDisappear(Creature const*, unsigned char, bool)
                0x0048c9d0                Npc::onThingDisappear(Thing const*, unsigned char)
                0x0048f5f0                NpcScript::luaClearPlayerGuild(lua_State*)
                0x004946f0                Npc::Npc(std::string const&, Game*)
                0x0048ca30                Npc::onThingAppear(Thing const*)
                0x0048caf0                Npc::onCreatureChangeOutfit(Creature const*)
                0x00492e70                NpcScript::NpcScript(std::string, Npc*)
                0x00491c60                NpcScript::luaCreatureGetName2(lua_State*)
                0x0048f970                NpcScript::luaSetPlayerGuild(lua_State*)
                0x0048d9f0                NpcScript::luaActionTurn(lua_State*)
                0x0048cc60                Npc::doTurn(int)
                0x004902a0                NpcScript::luaSetPlayerGuildStatus(lua_State*)
                0x00497730                Npc::doMoveTo(Position)
                0x00493700                NpcScript::NpcScript(std::string, Npc*)
                0x0048d870                NpcScript::luaActionMove(lua_State*)
                0x00490650                NpcScript::luaGetPlayerGuildStatus(lua_State*)
                0x0048ca90                Npc::onCreatureTurn(Creature const*, unsigned char)
                0x00490c70                NpcScript::luaSellItem(lua_State*)
                0x0048ccd0                NpcScript::registerFunctions()
                0x0048cb30                Npc::doSay(std::string)
                0x0048e7f0                NpcScript::luaIsPremium(lua_State*)
                0x0048caa0                Npc::onCreatureSay(Creature const*, SpeakClasses, std::string const&)
 .text          0x00498600     0x90b0 obj/otserv.o
                0x00498760                isclientBanished(unsigned int)
                0x004987e0                passwordTest(std::string&, std::string&)
                0x00499af0                ConnectionHandler(void*)
                0x00499580                MakeRejectMessage(int)
                0x00498600                ErrorMessage(char const*)
                0x0049c5d0                main
 .text          0x004a16b0    0x12a80 obj/player.o
                0x004a5e80                Player::getReqMana(int, playervoc_t)
                0x004a35d0                Player::sendTextWindow(Item*, unsigned short, bool)
                0x004b15d0                Player::addManaSpent(unsigned long)
                0x004a1a80                Player::onItemRemoveContainer(Container const*, unsigned char)
                0x004a38c0                Player::onThingAppear(Thing const*)
                0x004a4240                Player::getContainerItem(Container*, int, int)
                0x004a34a0                Player::sendTextMessage(MessageClasses, char const*, Position const&, unsigned char) const
                0x004a8da0                Player::~Player()
                0x004a58d0                Player::getExpForNextLevel()
                0x004a5ba0                Player::isUsingSpears() const
                0x004a8cf0                Player::getDepot(unsigned long)
                0x004a5ad0                Player::isRookie() const
                0x004a8540                Player::onThingMove(Creature const*, Position const&, int, Item const*, int, slots_t, Item const*, int, int)
                0x004a5570                Player::removeCoins(long)
                0x004a59c0                Player::checkSkull(int)
                0x004a1b60                Player::removeItemInventory(int, bool)
                0x004a3960                Player::onItemAddContainer(Container const*, Item const*)
                0x004a3360                Player::setAcceptTrade(bool)
                0x004a2190                Player::substractMoneyItem(Item*, unsigned long)
                0x004addc0                Player::closeContainer(unsigned char)
                0x004a3900                Player::onThingDisappear(Thing const*, unsigned char)
                0x004a3a30                Player::onTeleport(Creature const*, Position const*, unsigned char)
                0x004ad1b0                Player::addDeath(std::string const&, int, long)
                0x004ad5f0                Player::substractMoney(unsigned long)
                0x004a3410                Player::sendCancelAttacking()
                0x004a6590                Player::sendHouseWindow(House*, Position const&, rights_t)
                0x004a5820                Player::checkAfk(int)
                0x004a39f0                Player::onThink(int&)
                0x004a5c90                Player::checkLightItem(int)
                0x004a5e60                Player::sendBox(Creature*)
                0x004a1af0                Player::updateInventoryWeigth()
                0x004adef0                Player::addDepot(Container*, unsigned long)
                0x004a5800                Player::notAfk()
                0x004a3810                Player::onThingMove(Creature const*, Container const*, unsigned char, Item const*, int, Position const&, Item const*, int, int)
                0x004a8990                Player::onThingMove(Creature const*, slots_t, Item const*, int, slots_t, Item const*, int, int)
                0x004a39b0                Player::onCreatureSay(Creature const*, SpeakClasses, std::string const&)
                0x004a5fb0                Player::sendStats()
                0x004b1f10                Player::addSkillTryInternal(int, int)
                0x004a7910                Player::sendIcons()
                0x004a5d50                Player::checkPremium(int)
                0x004af9f0                Player::die()
                0x004a35b0                Player::sendCloseTrade()
                0x004aa2b0                Player::~Player()
                0x004a5b10                Player::setVocation(playervoc_t)
                0x004a3830                Player::onThingMove(Creature const*, Position const&, int, Item const*, int, Container const*, unsigned char, Item const*, int, int)
                0x004a33e0                Player::sendToChannel(Creature*, SpeakClasses, std::string const&, unsigned short)
                0x004a3fc0                Player::getContainerCoins(Container*, unsigned long)
                0x004a3480                Player::flushMsg()
                0x004a6530                Player::getContainer(unsigned char)
                0x004a5a80                Player::onSkull(Player*)
                0x004a3640                Player::NeedUpdateStats()
                0x004adfb0                Player::receiveHouseWindow(std::string)
                0x004a7410                Player::notifyLogOut(Player*)
                0x004a3600                Player::sendCloseContainer(unsigned char)
                0x004b3e40                Player::learnSpell(std::string const&)
                0x004a3550                Player::sendMagicEffect(Position const&, unsigned char)
                0x004a2ab0                Player::getSubFightType()
                0x004a7ad0                Player::checkRing(int)
                0x004a5aa0                Player::onPartyIcons(Player const*, int, bool, bool)
                0x004b2c90                Player::addSkillShieldTry(int)
                0x004a5270                Player::removeContainerCoins(Container*, long)
                0x004b30d0                Player::getDescription(bool) const
                0x004a34d0                Player::sendPing()
                0x004a38e0                Player::onThingTransform(Thing const*, int)
                0x004ab830                Player::Player(std::string const&, Protocol*)
                0x004a3440                Player::sendCancelWalk() const
                0x004a3320                Player::CanSee(int, int, int) const
                0x004ad4c0                Player::addVIP(unsigned long, std::string&, bool, bool)
                0x004ac980                Player::removeItem(unsigned short, long)
                0x004a2df0                Player::getFightType()
                0x004a6560                Player::getContainerID(Container const*) const
                0x004a2840                Player::dropLoot(Container*)
                0x004a3a10                Player::onTileUpdated(Position const&)
                0x004a3ab0                Player::preSave()
                0x004a1aa0                Player::sendInventory(unsigned char)
                0x004a5de0                Player::sendPlayerLightLevel(Player*)
                0x004a24a0                Player::removeItem(Item*, bool)
                0x004a2330                Player::internalRemoveItemContainer(Container*, Item*, bool)
                0x004a6c80                Player::sendAnimatedText(Position const&, unsigned char, std::string)
                0x004b0a90                Player::addExp(long long)
                0x004a29f0                Player::GetDistWeapon() const
                0x004ac6a0                Player::getMoney()
                0x004a3620                Player::sendContainer(unsigned char, Container*)
                0x004a71d0                Player::sendVipLogin(std::string)
                0x004a3780                Player::onThingMove(Creature const*, Thing const*, Position const*, unsigned char, unsigned char, unsigned char)
                0x004a25d0                Player::getReqSkillTries(int, int, playervoc_t)
                0x004a1de0                Player::getFreeSlot(Container**, unsigned char&, Item const*)
                0x004aad30                Player::Player(std::string const&, Protocol*)
                0x004a2740                Player::getPlayerInfo(playerinfo_t) const
                0x004a3a90                Player::getIP() const
                0x004a5f70                Player::getManaForNextMLevel()
                0x004a7690                Player::notifyLogIn(Player*)
                0x004a1f20                Player::addItem(Item*, bool)
                0x004a47b0                Player::TLMaddItem(int, unsigned char)
                0x004a3e40                Player::gainHealthTick()
                0x004a1d30                Player::getFreeContainerSlot(Container*)
                0x004a3850                Player::onCreatureAppear(Creature const*)
                0x004b3d10                Player::addContainer(unsigned char, Container*)
                0x004a1ad0                Player::onItemUpdateContainer(Container const*, Item const*, unsigned char)
                0x004a8c90                Player::getStorageValue(unsigned long, long&) const
                0x004a6fe0                Player::sendVipLogout(std::string)
                0x004a4120                Player::getCoins(unsigned long)
                0x004a1700                Player::getItem(int) const
                0x004ade10                Player::removeList()
                0x004a8b10                Player::onThingMove(Creature const*, slots_t, Item const*, int, Container const*, unsigned char, Item const*, int, int)
                0x004a3ca0                Player::kickPlayer()
                0x004a2820                Player::getLookCorpse()
                0x004a3590                Player::sendTradeItemRequest(Player const*, Item const*, bool)
                0x004a64c0                Player::setGuildInfo(gstat_t, unsigned long, std::string, std::string, std::string)
                0x004a37e0                Player::onThingMove(Creature const*, Container const*, unsigned char, Item const*, int, Container*, unsigned char, Item const*, int, int)
                0x004a3880                Player::onCreatureDisappear(Creature const*, unsigned char, bool)
                0x004a17e0                Player::getArmor() const
                0x004a3cc0                Player::gainManaTick()
                0x004a8820                Player::onThingMove(Creature const*, Container const*, unsigned char, Item const*, int, slots_t, Item const*, int, int)
                0x004a3460                Player::sendTextMessage(MessageClasses, char const*) const
                0x004a86b0                Player::onThingMove(Creature const*, slots_t, Item const*, int, Position const&, Item const*, int, int)
                0x004a2f10                Player::getWeaponDamage() const
                0x004a5e00                Player::getWandId() const
                0x004a4440                Player::removeContainerItem(Container*, int, int)
                0x004a1900                Player::getDefense() const
                0x004a5c10                Player::isUsingBurstArrows() const
                0x004a5160                Player::payBack(unsigned long)
                0x004a3980                Player::onCreatureTurn(Creature const*, unsigned char)
                0x004a6df0                Player::getSkillName(int)
                0x004a8460                Player::checkBoh()
                0x004a1720                Player::getSkill(skills_t, skillsid_t) const
                0x004ac330                Player::getItemCount(unsigned short)
                0x004a5d80                Player::sendWorldLightLevel(unsigned char, unsigned char)
                0x004a9830                Player::~Player()
                0x004a39d0                Player::onCreatureChangeOutfit(Creature const*)
                0x004a33c0                Player::sendChangeSpeed(Creature*)
                0x004b3da0                Player::addList()
                0x004a3510                Player::receivePing()
                0x004a3940                Player::onThingRemove(Thing const*)
                0x004a4650                Player::removeItem(int, int)
                0x004a1c40                Player::addItemInventory(Item*, int, bool)
                0x004b2d10                Player::addSkillTry(int)
                0x004a73c0                Player::knowsSpell(std::string const&) const
                0x004a33a0                Player::sendCancel(char const*) const
                0x004ade80                Player::addStorageValue(unsigned long, long)
                0x004a16b0                Player::isPushable() const
                0x004a8d30                Player::removeVIP(unsigned long)
                0x004a27a0                Player::isHoldingContainer(Container const*) const
                0x004a3570                Player::sendCreatureHealth(Creature const*)
                0x004a3530                Player::sendDistanceShoot(Position const&, Position const&, unsigned char)
                0x004a4370                Player::getItem(int, int)
                0x004a2c00                Player::removeDistItem()
 .text          0x004b4130      0x300 obj/position.o
                0x004b4130                operator<<(std::ostream&, Direction const&)
                0x004b41a0                operator<<(std::ostream&, Position const&)
 .text          0x004b4430      0x2d0 obj/protocol.o
                0x004b4450                Protocol::Protocol()
                0x004b4470                Protocol::~Protocol()
                0x004b45f0                Protocol::sleepTillMove()
                0x004b4530                Protocol::~Protocol()
                0x004b45d0                Protocol::setPlayer(Player*)
                0x004b4590                Protocol::getIP() const
                0x004b4430                Protocol::Protocol()
                0x004b44d0                Protocol::~Protocol()
 .text          0x004b4700    0x18e10 obj/protocol76.o
                0x004b4780                Protocol76::parseGetChannels(NetworkMessage&)
                0x004ba120                Protocol76::sendOpenPriv(std::string const&)
                0x004ba4e0                Protocol76::sendPlayerLightLevel(Player const*)
                0x004c1420                Protocol76::sendThingAppear(Thing const*)
                0x004bcfa0                Protocol76::parseAddVip(NetworkMessage&)
                0x004ca2c0                Protocol76::sendThingRemove(Thing const*)
                0x004b5d80                Protocol76::AddPlayerSkills(NetworkMessage&, Player const*)
                0x004b5a30                Protocol76::AddAnimatedText(NetworkMessage&, Position const&, unsigned char, std::string)
                0x004b4fe0                Protocol76::parseTurnNorth(NetworkMessage&)
                0x004bdea0                Protocol76::parseOpenPriv(NetworkMessage&)
                0x004ca110                Protocol76::autoCloseContainers(Container const*, NetworkMessage&)
                0x004b8b40                Protocol76::sendTileUpdated(Position const&)
                0x004b52e0                Protocol76::parseBattleWindow(NetworkMessage&)
                0x004bed10                Protocol76::parseThrow(NetworkMessage&)
                0x004b9880                Protocol76::sendStats()
                0x004be210                Protocol76::parseOpenChannel(NetworkMessage&)
                0x004b64f0                Protocol76::flushOutputBuffer()
                0x004b4bf0                Protocol76::parseMoveNorthEast(NetworkMessage&)
                0x004b71f0                Protocol76::sendCreatureHealth(Creature const*)
                0x004bccb0                Protocol76::sendCreatureSay(Creature const*, SpeakClasses, std::string const&)
                0x004b7750                Protocol76::sendPing()
                0x004b59d0                Protocol76::AddTextMessage(NetworkMessage&, MessageClasses, char const*)
                0x004b7f50                Protocol76::sendCancelWalk()
                0x004b47d0                Protocol76::parseCancelMove(NetworkMessage&)
                0x004b88f0                Protocol76::sendThingMove(Creature const*, slots_t, Item const*, int, slots_t, Item const*, int, int)
                0x004b4950                Protocol76::parseDebug(NetworkMessage&)
                0x004b4b40                Protocol76::parseMoveSouthEast(NetworkMessage&)
                0x004b8d00                Protocol76::sendNetworkMessage(NetworkMessage*)
                0x004b47a0                Protocol76::parseModes(NetworkMessage&)
                0x004be8a0                Protocol76::~Protocol76()
                0x004c2690                Protocol76::parseMoveByMouse(NetworkMessage&)
                0x004b6170                Protocol76::AddCreatureHealth(NetworkMessage&, Creature const*)
                0x004bc6c0                Protocol76::sendAnimatedText(Position const&, unsigned char, std::string)
                0x004b54e0                Protocol76::parseCloseContainer(NetworkMessage&)
                0x004b6070                Protocol76::AddCreatureSpeak(NetworkMessage&, Creature const*, SpeakClasses, std::string, unsigned short)
                0x004b4a90                Protocol76::parseMoveSouthWest(NetworkMessage&)
                0x004b96c0                Protocol76::sendTextMessage(MessageClasses, char const*)
                0x004b9a40                Protocol76::sendInventory(unsigned char)
                0x004b5990                Protocol76::CanSee(Creature const*) const
                0x004bbe70                Protocol76::parseHouseWindow(NetworkMessage&)
                0x004b4ca0                Protocol76::parseMoveWest(NetworkMessage&)
                0x004b7000                Protocol76::sendItemAddContainer(Container const*, Item const*)
                0x004b6c10                Protocol76::sendItemUpdateContainer(Container const*, Item const*, unsigned char)
                0x004b6e10                Protocol76::sendItemRemoveContainer(Container const*, unsigned char)
                0x004b4e80                Protocol76::parseMoveNorth(NetworkMessage&)
                0x004baf90                Protocol76::sendThingTransform(Thing const*, int)
                0x004c2e40                Protocol76::sendChannelsDialog()
                0x004b5530                Protocol76::parseUpArrowContainer(NetworkMessage&)
                0x004b49e0                Protocol76::parseMoveNorthWest(NetworkMessage&)
                0x004ba6f0                Protocol76::sendSkull(Creature const*)
                0x004b4740                Protocol76::parseLogout(NetworkMessage&)
                0x004bb7d0                Protocol76::elemParseRemoveVip(NetworkMessage&)
                0x004b4d40                Protocol76::parseMoveSouth(NetworkMessage&)
                0x004bd140                Protocol76::parseTextWindow(NetworkMessage&)
                0x004b8680                Protocol76::sendCreatureTurn(Creature const*, unsigned char)
                0x004b94c0                Protocol76::sendTextMessage(MessageClasses, char const*, Position const&, unsigned char)
                0x004ba2f0                Protocol76::sendWorldLightLevel(unsigned char, unsigned char)
                0x004cafd0                Protocol76::sendThingMove(Creature const*, Position const&, int, Item const*, int, slots_t, Item const*, int, int)
                0x004b57e0                Protocol76::parseRemVip(NetworkMessage&)
                0x004b57c0                Protocol76::parseCloseTrade()
                0x004c6fe0                Protocol76::parseLookAt(NetworkMessage&)
                0x004b9c10                Protocol76::sendSetOutfit(Creature const*)
                0x004b8d80                Protocol76::sendCloseContainer(unsigned char)
                0x004bc9b0                Protocol76::sendToChannel(Creature const*, SpeakClasses, std::string const&, unsigned short)
                0x004bead0                Protocol76::~Protocol76()
                0x004c2860                Protocol76::sendTradeItemRequest(Player const*, Item const*, bool)
                0x004b6670                Protocol76::sendVIP(unsigned long, std::string const&, bool)
                0x004b4f20                Protocol76::parseTurnWest(NetworkMessage&)
                0x004b5760                Protocol76::parseLookInTrade(NetworkMessage&)
                0x004b84b0                Protocol76::sendCancel(char const*)
                0x004bb320                Protocol76::sendThingMove(Creature const*, slots_t, Item const*, int, Container const*, unsigned char, Item const*, int, int)
                0x004b7900                Protocol76::sendSkills()
                0x004c5a70                Protocol76::parseInviteParty(NetworkMessage&)
                0x004bda40                Protocol76::sendContainer(unsigned char, Container*)
                0x004cc500                Protocol76::sendThingMove(Creature const*, Container const*, unsigned char, Item const*, int, slots_t, Item const*, int, int)
                0x004b5b00                Protocol76::AddDistanceShoot(NetworkMessage&, Position const&, Position const&, unsigned char)
                0x004ca520                Protocol76::sendThingMove(Creature const*, Thing const*, Position const*, unsigned char, unsigned char, unsigned char, bool)
                0x004b5170                Protocol76::parseUseItemEx(NetworkMessage&)
                0x004b6490                Protocol76::RemoveItemContainer(NetworkMessage&, unsigned char, unsigned char)
                0x004be9c0                Protocol76::~Protocol76()
                0x004b4f60                Protocol76::parseTurnSouth(NetworkMessage&)
                0x004b5810                Protocol76::parseRotateItem(NetworkMessage&)
                0x004bebe0                Protocol76::Protocol76(unsigned int)
                0x004b65e0                Protocol76::WriteBuffer(NetworkMessage&)
                0x004cbae0                Protocol76::sendThingMove(Creature const*, slots_t, Item const*, int, Position const&, Item const*, int, int)
                0x004c0ca0                Protocol76::Protocol76(unsigned int)
                0x004bc0e0                Protocol76::sendTextWindow(Item*, unsigned short, bool)
                0x004b8300                Protocol76::sendCancelAttacking()
                0x004c0f50                Protocol76::GetTileDescription(Tile const*, NetworkMessage&, Player*)
                0x004b8120                Protocol76::sendChangeSpeed(Creature const*)
                0x004b52a0                Protocol76::parseAttack(NetworkMessage&)
                0x004badf0                Protocol76::sendHouseWindow(std::string)
                0x004b4de0                Protocol76::parseMoveEast(NetworkMessage&)
                0x004b6870                Protocol76::sendVIPLogOut(unsigned long)
                0x004be850                Protocol76::reinitializeProtocol()
                0x004b7ac0                Protocol76::sendThingDisappear(Thing const*, unsigned char, bool)
                0x004c4b60                Protocol76::parseRevokeParty(NetworkMessage&)
                0x004c0dd0                Protocol76::checkCreatureAsKnown(unsigned long, bool&, unsigned long&)
                0x004b5b70                Protocol76::AddPlayerStats(NetworkMessage&, Player const*)
                0x004ba8d0                Protocol76::sendPartyIcons(Player const*, int, bool, bool)
                0x004bb830                Protocol76::elemParseAddVip(NetworkMessage&)
                0x004b73b0                Protocol76::sendMagicEffect(Position const&, unsigned char)
                0x004b7580                Protocol76::sendDistanceShoot(Position const&, Position const&, unsigned char)
                0x004b5640                Protocol76::parseRequestTrade(NetworkMessage&)
                0x004b61e0                Protocol76::AddRemoveThing(NetworkMessage&, Position const&, unsigned char)
                0x004be440                Protocol76::AddCreature(NetworkMessage&, Creature const*, bool, unsigned int)
                0x004b6420                Protocol76::TransformItemContainer(NetworkMessage&, unsigned char, unsigned char, Item const*)
                0x004b63b0                Protocol76::AddItemContainer(NetworkMessage&, unsigned char, Item const*, unsigned char)
                0x004b5020                Protocol76::parseSetOutfit(NetworkMessage&)
                0x004b62e0                Protocol76::AddAppearThing(NetworkMessage&, Position const&)
                0x004b6a40                Protocol76::sendVIPLogIn(unsigned long)
                0x004b4820                Protocol76::logout()
                0x004b9110                Protocol76::sendIcons(int)
                0x004b4860                Protocol76::parseCloseChannel(NetworkMessage&)
                0x004b5fd0                Protocol76::AddPlayerInventoryItem(NetworkMessage&, Player const*, int)
                0x004c3180                Protocol76::parsePassLeadership(NetworkMessage&)
                0x004c1130                Protocol76::AddTileUpdated(NetworkMessage&, Position const&)
                0x004cc9a0                Protocol76::sendThingMove(Creature const*, Container const*, unsigned char, Item const*, int, Container*, unsigned char, Item const*, int, int)
                0x004c3a60                Protocol76::parseJoinParty(NetworkMessage&)
                0x004b58f0                Protocol76::CanSee(int, int, int) const
                0x004cb3c0                Protocol76::sendThingMove(Creature const*, Position const&, int, Item const*, int, Container const*, unsigned char, Item const*, int, int)
                0x004c9e90                Protocol76::ReceiveLoop()
                0x004b4700                Protocol76::ConnectPlayer(int*)
                0x004b4fa0                Protocol76::parseTurnEast(NetworkMessage&)
                0x004b92e0                Protocol76::sendChannel(unsigned short, std::string)
                0x004b6350                Protocol76::AddItemContainer(NetworkMessage&, unsigned char, Item const*)
                0x004b8f60                Protocol76::sendCloseTrade()
                0x004bd3f0                Protocol76::parseSay(NetworkMessage&)
                0x004c1210                Protocol76::GetMapDescription(unsigned short, unsigned short, unsigned char, unsigned short, unsigned short, NetworkMessage&, Player*)
                0x004bac00                Protocol76::sendBox(Creature*)
                0x004c8a80                Protocol76::parsePacket(NetworkMessage&)
                0x004b9f30                Protocol76::parseRequestOutfit(NetworkMessage&)
                0x004cbf20                Protocol76::sendThingMove(Creature const*, Container const*, unsigned char, Item const*, int, Position const&, Item const*, int, int)
                0x004b5740                Protocol76::parseAcceptTrade(NetworkMessage&)
                0x004b5aa0                Protocol76::AddMagicEffect(NetworkMessage&, Position const&, unsigned char)
                0x004b53e0                Protocol76::parseUseItem(NetworkMessage&)
 .text          0x004cd510      0x950 obj/pvparena.o
                0x004cd510                PvpArena::AddArenaTile(Game*, Position const&, Position const&)
                0x004cd5c0                PvpArena::Load(Game*)
 .text          0x004cde60      0xe80 obj/readables.o
                0x004cde60                Readables::Load(Game*)
 .text          0x004cece0      0x400 obj/scheduler.o
                0x004cece0                makeTask(long long, boost::function1<void, Game*, std::allocator<boost::function_base> >)
                0x004ceee0                makeTask(boost::function1<void, Game*, std::allocator<boost::function_base> >)
 .text          0x004cf0e0     0x24a0 obj/spawn.o
                0x004cf2e0                SpawnManager::~SpawnManager()
                0x004d05e0                Spawn::addMonster(std::string, Direction, int, int, int)
                0x004cf100                SpawnManager::initialize(Game*)
                0x004cf0f0                SpawnManager::SpawnManager()
                0x004cf570                Spawn::respawn(unsigned long, Position&, std::string&, Direction)
                0x004cf450                Spawn::Spawn(Game*, Position, int)
                0x004d02f0                SpawnManager::checkSpawns(int)
                0x004cf420                SpawnManager::addSpawn(Spawn*)
                0x004d0bd0                SpawnManager::loadSpawnsXML(std::string)
                0x004cf0e0                SpawnManager::SpawnManager()
                0x004cf4e0                Spawn::Spawn(Game*, Position, int)
                0x004cf9e0                Spawn::idle(int)
                0x004d03b0                SpawnManager::startup()
                0x004d0340                Spawn::startup()
                0x004cf140                Spawn::isInSpawnRange(Position const&)
                0x004cf130                SpawnManager::instance()
                0x004cf1a0                SpawnManager::~SpawnManager()
 .text          0x004d1580     0xa8d0 obj/spells.o
                0x004d3620                SpellScript::castSpell(Creature*, Position const&, std::string)
                0x004daec0                SpellScript::luaActionDoTargetGroundSpell(lua_State*)
                0x004da1c0                SpellScript::internalLoadDamageVec(lua_State*, std::vector<CreatureCondition, std::allocator<CreatureCondition> >&)
                0x004d8140                SpellScript::luaActionChangeSpeedMonster(lua_State*)
                0x004db9f0                SpellScript::luaActionDoTargetExSpell(lua_State*)
                0x004d3e40                Spell::~Spell()
                0x004d1580                SpellScript::registerFunctions()
                0x004d6480                InstantSpell::InstantSpell(std::string const&, std::string, std::string, int, int, Game*)
                0x004d48f0                RuneSpell::RuneSpell(std::string const&, std::string, unsigned short, unsigned short, int, int, Game*)
                0x004d51f0                RuneSpell::RuneSpell(std::string const&, std::string, unsigned short, unsigned short, int, int, Game*)
                0x004d1a90                SpellScript::getSpell(lua_State*)
                0x004d3f90                Spell::Spell(std::string, int, int, Game*)
                0x004d25d0                SpellScript::internalMakeRune(Player*, unsigned short, Spell*, unsigned short, unsigned char)
                0x004db2f0                SpellScript::luaActionDoAreaExSpell(lua_State*)
                0x004d3fe0                Spell::Spell(std::string, int, int, Game*)
                0x004d4030                SpellScript::SpellScript(std::string const&, std::string, Spell*)
                0x004d7bd0                SpellScript::luaActionChangeSpeed(lua_State*)
                0x004d99e0                SpellScript::internalGetArea(lua_State*, MagicEffectAreaClass&)
                0x004d1c50                SpellScript::internalGetMagicEffect(lua_State*, MagicEffectClass&)
                0x004d5af0                InstantSpell::InstantSpell(std::string const&, std::string, std::string, int, int, Game*)
                0x004d1fc0                SpellScript::luaActionDoTargetSpell(lua_State*)
                0x004d2360                SpellScript::luaActionManaShield(lua_State*)
                0x004d1b10                SpellScript::internalGetPosition(lua_State*, Position&)
                0x004d7ab0                Spells::Spells(Game*)
                0x004da420                SpellScript::internalLoadTransformVec(lua_State*, std::map<unsigned short, std::pair<long, std::vector<CreatureCondition, std::allocator<CreatureCondition> > >, std::less<unsigned short>, std::allocator<std::pair<unsigned short const, std::pair<long, std::vector<CreatureCondition, std::allocator<CreatureCondition> > > > > >&)
                0x004d6e10                Spells::~Spells()
                0x004d9d30                SpellScript::luaActionDoAreaSpell(lua_State*)
                0x004d21e0                SpellScript::luaActionChangeOutfit(lua_State*)
                0x004d3b90                Spell::~Spell()
                0x004daa20                SpellScript::luaActionDoAreaGroundSpell(lua_State*)
                0x004d3790                SpellScript::luaActionGetPos(lua_State*)
                0x004d8590                Spells::loadFromXml(std::string const&)
                0x004d2f60                SpellScript::luaActionMakeFood(lua_State*)
                0x004d34f0                SpellScript::luaActionInvisible(lua_State*)
                0x004d7250                Spells::~Spells()
                0x004d4490                SpellScript::SpellScript(std::string const&, std::string, Spell*)
                0x004d3cf0                Spell::~Spell()
                0x004d24a0                SpellScript::luaActionGetSpeed(lua_State*)
                0x004d7b40                Spells::Spells(Game*)
                0x004d2670                SpellScript::luaActionMakeRune(lua_State*)
                0x004d33b0                SpellScript::luaSetPlayerLightLevel(lua_State*)
                0x004d2bb0                SpellScript::luaActionMakeArrows(lua_State*)
                0x004d7680                Spells::~Spells()
 .text          0x004dbe50     0x48a0 obj/status.o
                0x004dbea0                Status::getInfo(NetworkMessage&)
                0x004de110                Status::Status()
                0x004dbe70                Status::removePlayer()
                0x004dbe80                Status::hasSlot()
                0x004de050                Status::instance()
                0x004dbe50                Status::addPlayer()
                0x004ddbb0                Status::Status()
                0x004de5b0                Status::getStatusString()
 .text          0x004e06f0      0xca0 obj/summons.o
                0x004e07a0                Summons::Load()
                0x004e06f0                Summons::getRequiredMana(std::string)
 .text          0x004e1390      0x160 obj/thing.o
                0x004e1390                Thing::Thing()
                0x004e13d0                Thing::Thing()
                0x004e1430                Thing::~Thing()
                0x004e1410                Thing::~Thing()
                0x004e1420                Thing::~Thing()
                0x004e1450                Thing::canMovedTo(Tile const*) const
 .text          0x004e14f0     0x1640 obj/tile.o
                0x004e1960                Tile::floorChange() const
                0x004e14f0                Tile::isPz() const
                0x004e23a0                Tile::getFieldItem()
                0x004e2520                Tile::removeThing(Thing*)
                0x004e18d0                Tile::floorChangeDown() const
                0x004e1560                Tile::isPvpArena() const
                0x004e1a50                Tile::getThingStackPos(Thing const*) const
                0x004e1510                Tile::isHouse() const
                0x004e1af0                Tile::isBlocking(int, bool, bool) const
                0x004e2110                Tile::getTopMoveableThing()
                0x004e2890                Tile::insertThing(Thing*, int)
                0x004e1630                Tile::getItemHoldingCount() const
                0x004e2960                Tile::addThing(Thing*)
                0x004e15b0                Tile::hasItem(unsigned long) const
                0x004e1540                Tile::setHouse(House*)
                0x004e1760                Tile::floorChange(Direction) const
                0x004e2060                Tile::getThingCount() const
                0x004e2420                Tile::getTopTopItem()
                0x004e2310                Tile::getTopCreature()
                0x004e1700                Tile::getTeleportItem() const
                0x004e2630                Tile::clean()
                0x004e2330                Tile::getMoveableBlockingItem()
                0x004e2400                Tile::getTopDownItem()
                0x004e2270                Tile::getThingByStackPos(int)
                0x004e1500                Tile::setPz()
                0x004e1590                Tile::getPvpArenaExit() const
                0x004e2440                Tile::getTopThing()
                0x004e20b0                Tile::getCreatureStackPos(Creature*) const
                0x004e2490                Tile::getDescription() const
                0x004e1570                Tile::setPvpArena(Position const&)
                0x004e1530                Tile::getHouse() const
 .text          0x004e2b30     0x1230 obj/tools.o
                0x004e3280                timer()
                0x004e3260                safe_atoi(char const*)
                0x004e32f0                hasWildcard(std::string const&)
                0x004e2b30                fileExists(char*)
                0x004e2bd0                hexdump(unsigned char*, int)
                0x004e2ea0                upper(char*, char*)
                0x004e3770                str(int)
                0x004e2cf0                upchar(char)
                0x004e3310                article(std::string const&)
                0x004e2b70                random_range(int, int)
                0x004e3070                upper(char*, char*, int)
 .text          0x004e3d60      0x5d0 obj/account.o
                0x004e3d60                Account::~Account()
                0x004e4240                Account::Account()
                0x004e3fd0                Account::~Account()
                0x004e4270                Account::Account()
 .text          0x004e4330     0xb1c0 obj/actions.o
                0x004ea990                ActionScript::luaActionDoSendCancel(lua_State*)